CL_F tphl_s tplh_s

Note: No compatibility mode selected!


Circuit: * ch01_03_cmos_inverter_load_sweep: delay vs load capacitance

Reset re-loads circuit * ch01_03_cmos_inverter_load_sweep: delay vs load capacitance

Circuit: * ch01_03_cmos_inverter_load_sweep: delay vs load capacitance

Doing analysis at TEMP = 27.000000 and TNOM = 27.000000

Using SPARSE 1.3 as Direct Linear Solver

Initial Transient Solution
--------------------------

Node                                   Voltage
----                                   -------
vdd                                        1.8
in                                           0
out                                        1.8
vin#branch                                   0
vdd#branch                           -1.81e-12


Error: measure  tphl  trig(TRIG) : bad syntax, cannot evaluate right hand side of val=vexprint1

Error: measure  tplh  trig(TRIG) : bad syntax, cannot evaluate right hand side of val=vexprint3
Error: &tphl: no such variable.
Error: &tplh: no such variable.

No. of Data Rows : 6044
 meas tran tphl trig v(in) val=vexprint1 rise=1 targ v(out) val=vexprint2 fall=1 failed!

 meas tran tplh trig v(in) val=vexprint3 fall=1 targ v(out) val=vexprint4 rise=1 failed!

Reset re-loads circuit * ch01_03_cmos_inverter_load_sweep: delay vs load capacitance

Circuit: * ch01_03_cmos_inverter_load_sweep: delay vs load capacitance

Doing analysis at TEMP = 27.000000 and TNOM = 27.000000

Using SPARSE 1.3 as Direct Linear Solver

Initial Transient Solution
--------------------------

Node                                   Voltage
----                                   -------
vdd                                        1.8
in                                           0
out                                        1.8
vin#branch                                   0
vdd#branch                           -1.81e-12


Error: measure  tphl  trig(TRIG) : bad syntax, cannot evaluate right hand side of val=vexprint1

Error: measure  tplh  trig(TRIG) : bad syntax, cannot evaluate right hand side of val=vexprint3
Error: &tphl: no such variable.
Error: &tplh: no such variable.

No. of Data Rows : 6044
 meas tran tphl trig v(in) val=vexprint1 rise=1 targ v(out) val=vexprint2 fall=1 failed!

 meas tran tplh trig v(in) val=vexprint3 fall=1 targ v(out) val=vexprint4 rise=1 failed!

Reset re-loads circuit * ch01_03_cmos_inverter_load_sweep: delay vs load capacitance

Circuit: * ch01_03_cmos_inverter_load_sweep: delay vs load capacitance

Doing analysis at TEMP = 27.000000 and TNOM = 27.000000

Using SPARSE 1.3 as Direct Linear Solver

Initial Transient Solution
--------------------------

Node                                   Voltage
----                                   -------
vdd                                        1.8
in                                           0
out                                        1.8
vin#branch                                   0
vdd#branch                           -1.81e-12


Error: measure  tphl  trig(TRIG) : bad syntax, cannot evaluate right hand side of val=vexprint1

Error: measure  tplh  trig(TRIG) : bad syntax, cannot evaluate right hand side of val=vexprint3
Error: &tphl: no such variable.
Error: &tplh: no such variable.

No. of Data Rows : 6044
 meas tran tphl trig v(in) val=vexprint1 rise=1 targ v(out) val=vexprint2 fall=1 failed!

 meas tran tplh trig v(in) val=vexprint3 fall=1 targ v(out) val=vexprint4 rise=1 failed!

Reset re-loads circuit * ch01_03_cmos_inverter_load_sweep: delay vs load capacitance

Circuit: * ch01_03_cmos_inverter_load_sweep: delay vs load capacitance

Doing analysis at TEMP = 27.000000 and TNOM = 27.000000

Using SPARSE 1.3 as Direct Linear Solver

Initial Transient Solution
--------------------------

Node                                   Voltage
----                                   -------
vdd                                        1.8
in                                           0
out                                        1.8
vin#branch                                   0
vdd#branch                           -1.81e-12


Error: measure  tphl  trig(TRIG) : bad syntax, cannot evaluate right hand side of val=vexprint1

Error: measure  tplh  trig(TRIG) : bad syntax, cannot evaluate right hand side of val=vexprint3
Error: &tphl: no such variable.
Error: &tplh: no such variable.

No. of Data Rows : 6044
 meas tran tphl trig v(in) val=vexprint1 rise=1 targ v(out) val=vexprint2 fall=1 failed!

 meas tran tplh trig v(in) val=vexprint3 fall=1 targ v(out) val=vexprint4 rise=1 failed!

Note: Simulation executed from .control section 
