
Note: No compatibility mode selected!


Circuit: * ch01_06_cmos_inverter_dynamic_power: average power under periodic switching

Doing analysis at TEMP = 27.000000 and TNOM = 27.000000

Using SPARSE 1.3 as Direct Linear Solver

Initial Transient Solution
--------------------------

Node                                   Voltage
----                                   -------
vdd                                        1.8
in                                           0
out                                        1.8
vin#branch                                   0
vdd#branch                           -1.81e-12


Warning: command 'plot' is not available during batch simulation, ignored!
    You may use Gnuplot instead.


Warning: command 'plot' is not available during batch simulation, ignored!
    You may use Gnuplot instead.


No. of Data Rows : 12080
iavg                =  -3.89423e-05 from=  4.00000e-09 to=  1.20000e-08
	measure 'pavg'  failed
Error: measure  pavg  :
	no such function as 'param=vexprint1'
 meas tran pavg param=vexprint1 failed!

Note: Simulation executed from .control section 
