
Note: No compatibility mode selected!


Circuit: * ch02_03_gm_ro_trans: transient version to extract gm and ro

Doing analysis at TEMP = 27.000000 and TNOM = 27.000000

Using SPARSE 1.3 as Direct Linear Solver

Initial Transient Solution
--------------------------

Node                                   Voltage
----                                   -------
gate                                      0.45
drain                                      1.2
vds#branch                           -1.21e-12
vgs#branch                                   0

Error: argument out of range for divide
  in term: 1 / @m1[gds]

Error: Can't evaluate "1 / @m1[gds]"

Warning: command 'plot' is not available during batch simulation, ignored!
    You may use Gnuplot instead.


Warning: command 'plot' is not available during batch simulation, ignored!
    You may use Gnuplot instead.


Warning: command 'plot' is not available during batch simulation, ignored!
    You may use Gnuplot instead.

Error: no such vector ro

No. of Data Rows : 508
Note: Simulation executed from .control section 
