
Note: No compatibility mode selected!


Circuit: * 03 - capacitor-drop ac-dc rectifier front end

Doing analysis at TEMP = 27.000000 and TNOM = 27.000000

Using SPARSE 1.3 as Direct Linear Solver

Initial Transient Solution
--------------------------

Node                                   Voltage
----                                   -------
mains                              2.11197e-12
neutral                            2.11197e-12
xmid                               1.80537e-12
acx                                1.80537e-12
recp                              -2.65437e-16
vcx                                3.06597e-13
bvcx#branch                                  0
vline#branch                      -3.06597e-20


No. of Data Rows : 2001
avg_vrec            =  6.05660e+01 from=  3.00000e-01 to=  4.00000e-01
min_vrec            =  5.32337e+01 at=  3.97818e-01
max_vrec            =  6.58638e+01 at=  3.03118e-01
pp_vrec             =  1.26301e+01 from=  3.00000e-01 to=  4.00000e-01
rms_vcx             =  2.02318e+02 from=  3.00018e-01 to=  4.00000e-01
avg_vrec = 6.056605e+01
min_vrec = 5.323369e+01
max_vrec = 6.586383e+01
pp_vrec = 1.263014e+01
rms_vcx = 2.023184e+02
ngspice-46 done
