
Note: No compatibility mode selected!


Circuit: * 05 - proposed input-series dual-branch (isdb) dc-dc stage

Doing analysis at TEMP = 27.000000 and TNOM = 27.000000

Using SPARSE 1.3 as Direct Linear Solver
Operating point simulation skipped by 'uic',
  now using transient initial conditions.

No. of Data Rows : 94018
avg_vout_a          =  4.99040e+00 from=  1.50000e-03 to=  2.00000e-03
pp_vout_a           =  2.62734e-03 from=  1.50000e-03 to=  2.00000e-03
avg_il1_a           =  1.99617e-01 from=  1.50000e-03 to=  2.00000e-03
avg_il2_a           =  1.99614e-01 from=  1.50000e-03 to=  2.00000e-03
avg_vout_b          =  1.20016e+01 from=  1.50000e-03 to=  2.00000e-03
pp_vout_b           =  1.41347e-03 from=  1.50000e-03 to=  2.00000e-03
avg_il1_b           =  9.00126e-02 from=  1.50000e-03 to=  2.00000e-03
avg_il2_b           =  9.00110e-02 from=  1.50000e-03 to=  2.00000e-03
avg_vout_a = 4.990399e+00
pp_vout_a = 2.627339e-03
avg_il1_a = 1.996173e-01
avg_il2_a = 1.996142e-01
avg_vout_b = 1.200161e+01
pp_vout_b = 1.413470e-03
avg_il1_b = 9.001264e-02
avg_il2_b = 9.001105e-02
ngspice-46 done
