
Note: No compatibility mode selected!


Circuit: * 04_load_step_transient.cir

Doing analysis at TEMP = 27.000000 and TNOM = 27.000000

Using SPARSE 1.3 as Direct Linear Solver
Note: Starting dynamic gmin stepping
Note: Dynamic gmin stepping completed

Initial Transient Solution
--------------------------

Node                                   Voltage
----                                   -------
vin                                        3.3
vref                                       1.2
vout                                   1.99968
gate                                     2.543
fb                                     1.19981
xldo.ea_raw                           0.757004
xldo.ea                               0.757004
xldo.cout_node                         1.99968
b.xldo.bgate#branch                          0
e.xldo.eea_raw#branch                        0
vref#branch                                  0
vvin#branch                          -0.010002


No. of Data Rows : 3064

Warning: command 'plot' is not available during batch simulation, ignored!
    You may use Gnuplot instead.


Warning: command 'plot' is not available during batch simulation, ignored!
    You may use Gnuplot instead.


Warning: command 'plot' is not available during batch simulation, ignored!
    You may use Gnuplot instead.


Warning: command 'plot' is not available during batch simulation, ignored!
    You may use Gnuplot instead.

Note: Simulation executed from .control section 
