
Note: No compatibility mode selected!


Circuit: * 09_paper_power_bounce.cir

Doing analysis at TEMP = 27.000000 and TNOM = 27.000000

Using SPARSE 1.3 as Direct Linear Solver

Initial Transient Solution
--------------------------

Node                                   Voltage
----                                   -------
vin                                          0
bounce_conv                                  0
xconv.cap_node                               0
xconv.err                                    0
xconv.slow                                   0
xconv.fast_hp                                0
xconv.fast                                   0
bounce_dual                                  0
xdual.cap_node                               0
xdual.err                                    0
xdual.slow                                   0
xdual.fast_hp                                0
xdual.fast                                   0
e.xdual.eerr#branch                          0
e.xconv.eerr#branch                          0
vin_zero#branch                              0


No. of Data Rows : 5070
conv_max            =  3.72665e-02 at=  1.40005e-08
conv_min            =  -5.49566e-02 at=  5.03000e-09
dual_max            =  0.00000e+00 at=  2.00000e-09
dual_min            =  -5.35634e-03 at=  1.70300e-08
ngspice-46 done
