
Note: No compatibility mode selected!


Circuit: * large-signal transient with 25 mvpp supply ripple and load disturbance.

Doing analysis at TEMP = 27.000000 and TNOM = 27.000000

Using SPARSE 1.3 as Direct Linear Solver
Note: Starting dynamic gmin stepping
Note: Dynamic gmin stepping completed

Initial Transient Solution
--------------------------

Node                                   Voltage
----                                   -------
vin                                     3.2875
vref                                       1.2
vout                                   3.09998
gate                                   2.70336
fb                                     1.19999
xcea                                  0.584139
xldo.slow_gate                         2.70336
xldo.hp_lp                             3.09998
xldo.hp                                      0
ssf                                          0
xldo.fast_gate                         2.70336
xldo.cout_node                         3.09998
b.xldo.bfast#branch                          0
b.xldo.bslow#branch                          0
e.xldo.ehp#branch                            0
vref#branch                                  0
vvin#branch                          -0.015002


No. of Data Rows : 6507
vout_max            =  3.11350e+00 at=  4.08455e-06
vout_min            =  3.08948e+00 at=  4.15280e-06
gate_max            =  2.72853e+00 at=  4.90100e-06
gate_min            =  2.69781e+00 at=  3.00510e-06
ngspice-46 done
