
Note: No compatibility mode selected!


Circuit: * s2d input termination power-bounce cancellation macro model

Doing analysis at TEMP = 27.000000 and TNOM = 27.000000

Using SPARSE 1.3 as Direct Linear Solver

Initial Transient Solution
--------------------------

Node                                   Voltage
----                                   -------
vcc                                        1.2
in                                         0.6
vdd_nopbc                              1.19016
vdd_pbc                                1.19016
err                                          0
sense                                        0
berr#branch                                  0
vin#branch                           0.0236066
videal#branch                       -0.0236066


No. of Data Rows : 20001
nopbc_pp            =  4.91803e-03 from=  1.00000e-09 to=  5.00000e-09
pbc_pp              =  1.19130e-03 from=  1.00000e-09 to=  5.00000e-09
nopbc_pp = 4.918032e-03
pbc_pp = 1.191299e-03
suppression_pct = 7.577692e+01
ngspice-46 done
