
Note: No compatibility mode selected!


Circuit: * mrm pam-4 driver macro model with r+l output peaking

Doing analysis at TEMP = 27.000000 and TNOM = 27.000000

Using SPARSE 1.3 as Direct Linear Solver
Note: vac: has no value, DC 0 assumed

No. of Data Rows : 924
Doing analysis at TEMP = 27.000000 and TNOM = 27.000000

Using SPARSE 1.3 as Direct Linear Solver
Note: vac: has no value, DC 0 assumed

Initial Transient Solution
--------------------------

Node                                   Voltage
----                                   -------
acsrc                                        0
out_no                                       0
pre_pk                                       0
out_pk                                       0
msb                                          0
lsb                                          0
pam                                       0.25
pre_tr                                0.249675
out_tr                                0.249675
bpam#branch                       -1.24838e-05
lpk2#branch                        1.24838e-05
lpk#branch                                   0
vlsb#branch                                  0
vmsb#branch                                  0
vac#branch                                   0


No. of Data Rows : 6485
vmin                =  2.57837e-01 at=  9.01752e-10
vmax                =  1.53482e+00 at=  2.05100e-10
vmin = 2.578367e-01
vmax = 1.534822e+00
ngspice-46 done
