
Note: No compatibility mode selected!


Circuit: * simplified switched isdb dc-dc power-stage model

Doing analysis at TEMP = 27.000000 and TNOM = 27.000000

Using SPARSE 1.3 as Direct Linear Solver
Operating point simulation skipped by 'uic',
  now using transient initial conditions.

No. of Data Rows : 72001
avg_vout            =  4.99047e+00 from=  1.50000e-03 to=  2.00000e-03
pp_vout             =  2.59142e-03 from=  1.50000e-03 to=  2.00000e-03
avg_il1             =  1.99619e-01 from=  1.50000e-03 to=  2.00000e-03
avg_il2             =  1.99616e-01 from=  1.50000e-03 to=  2.00000e-03
pp_il1              =  2.09335e-01 from=  1.50000e-03 to=  2.00000e-03
pp_il2              =  2.09355e-01 from=  1.50000e-03 to=  2.00000e-03
avg_vout = 4.990467e+00
pp_vout = 2.591416e-03
avg_il1 = 1.996193e-01
avg_il2 = 1.996161e-01
pp_il1 = 2.093350e-01
pp_il2 = 2.093552e-01
ngspice-46 done
